[INFO] Scanning for projects...
[INFO] 
[INFO] -----------------------< com.uniconnect:backend >-----------------------
[INFO] Building backend 0.1.0
[INFO]   from pom.xml
[INFO] --------------------------------[ jar ]---------------------------------
[INFO] 
[INFO] --- clean:3.2.0:clean (default-clean) @ backend ---
[INFO] Deleting E:\KLH-uniconnect-1\KLH-uniconnect\backend\target
[INFO] 
[INFO] --- resources:3.3.1:resources (default-resources) @ backend ---
[WARNING] Using platform encoding (UTF-8 actually) to copy filtered resources, i.e. build is platform dependent!
[INFO] Copying 1 resource from src\main\resources to target\classes
[INFO] 
[INFO] --- compiler:3.13.0:compile (default-compile) @ backend ---
[INFO] Recompiling the module because of changed source code.
[WARNING] File encoding has not been set, using platform encoding UTF-8, i.e. build is platform dependent!
[INFO] Compiling 200 source files with javac [debug release 24] to target\classes
[WARNING] /E:/KLH-uniconnect-1/KLH-uniconnect/backend/src/main/java/com/uniconnect/config/SecurityConfig.java:[26,17] csrf() in org.springframework.security.config.annotation.web.builders.HttpSecurity has been deprecated and marked for removal
[WARNING] /E:/KLH-uniconnect-1/KLH-uniconnect/backend/src/main/java/com/uniconnect/config/SecurityConfig.java:[27,17] cors() in org.springframework.security.config.annotation.web.builders.HttpSecurity has been deprecated and marked for removal
[WARNING] /E:/KLH-uniconnect-1/KLH-uniconnect/backend/src/main/java/com/uniconnect/config/SecurityConfig.java:[37,17] and() in org.springframework.security.config.annotation.SecurityConfigurerAdapter has been deprecated and marked for removal
[WARNING] /E:/KLH-uniconnect-1/KLH-uniconnect/backend/src/main/java/com/uniconnect/config/SecurityConfig.java:[43,17] httpBasic() in org.springframework.security.config.annotation.web.builders.HttpSecurity has been deprecated and marked for removal
[WARNING] /E:/KLH-uniconnect-1/KLH-uniconnect/backend/src/main/java/com/uniconnect/config/SecurityConfig.java:[44,17] formLogin() in org.springframework.security.config.annotation.web.builders.HttpSecurity has been deprecated and marked for removal
[INFO] /E:/KLH-uniconnect-1/KLH-uniconnect/backend/src/main/java/com/uniconnect/websocket/EventsClubsWebSocketHandler.java: E:\KLH-uniconnect-1\KLH-uniconnect\backend\src\main\java\com\uniconnect\websocket\EventsClubsWebSocketHandler.java uses unchecked or unsafe operations.
[INFO] /E:/KLH-uniconnect-1/KLH-uniconnect/backend/src/main/java/com/uniconnect/websocket/EventsClubsWebSocketHandler.java: Recompile with -Xlint:unchecked for details.
[INFO] ------------------------------------------------------------------------
[INFO] BUILD SUCCESS
[INFO] ------------------------------------------------------------------------
[INFO] Total time:  4.149 s
[INFO] Finished at: 2026-02-09T13:43:50+05:30
[INFO] ------------------------------------------------------------------------
